// Jest Snapshot v1, https://goo.gl/fbAQLP

exports[`TriviaGame should match snapshot 1`] = `
ShallowWrapper {
  Symbol(enzyme.__root__): [Circular],
  Symbol(enzyme.__unrendered__): <TriviaGame
    currentQuestion={
      Object {
        "answers": Array [],
        "asked": false,
        "category": "Geography",
        "correct_answer": "Washington D.C",
        "id": 1,
        "question": "Which city is the capital of the United States of America?",
      }
    }
    gameCount={0}
    score={5}
  />,
  Symbol(enzyme.__renderer__): Object {
    "batchedUpdates": [Function],
    "getNode": [Function],
    "render": [Function],
    "simulateError": [Function],
    "simulateEvent": [Function],
    "unmount": [Function],
  },
  Symbol(enzyme.__node__): Object {
    "instance": null,
    "key": undefined,
    "nodeType": "host",
    "props": Object {
      "children": Array [
        <div
          className="header-container"
        >
          <h2
            className="choose-text"
          >
            Choose a Category
          </h2>
          <h1
            className="game-header"
          >
            Nickel Trivia
          </h1>
          <h2
            className="score-text"
          >
            Score 
            5
             ¢
          </h2>
        </div>,
        <div
          className="game-wrapper"
        >
          <Connect(Categories) />
          <div
            className="question-container"
          >
            <div
              className="question-container-after"
            />
            <h3
              className="question"
            >
              Choose a category and lets start a Game!
            </h3>
          </div>
        </div>,
      ],
      "className": "game",
    },
    "ref": null,
    "rendered": Array [
      Object {
        "instance": null,
        "key": undefined,
        "nodeType": "host",
        "props": Object {
          "children": Array [
            <h2
              className="choose-text"
            >
              Choose a Category
            </h2>,
            <h1
              className="game-header"
            >
              Nickel Trivia
            </h1>,
            <h2
              className="score-text"
            >
              Score 
              5
               ¢
            </h2>,
          ],
          "className": "header-container",
        },
        "ref": null,
        "rendered": Array [
          Object {
            "instance": null,
            "key": undefined,
            "nodeType": "host",
            "props": Object {
              "children": "Choose a Category",
              "className": "choose-text",
            },
            "ref": null,
            "rendered": "Choose a Category",
            "type": "h2",
          },
          Object {
            "instance": null,
            "key": undefined,
            "nodeType": "host",
            "props": Object {
              "children": "Nickel Trivia",
              "className": "game-header",
            },
            "ref": null,
            "rendered": "Nickel Trivia",
            "type": "h1",
          },
          Object {
            "instance": null,
            "key": undefined,
            "nodeType": "host",
            "props": Object {
              "children": Array [
                "Score ",
                5,
                " ¢",
              ],
              "className": "score-text",
            },
            "ref": null,
            "rendered": Array [
              "Score ",
              5,
              " ¢",
            ],
            "type": "h2",
          },
        ],
        "type": "div",
      },
      Object {
        "instance": null,
        "key": undefined,
        "nodeType": "host",
        "props": Object {
          "children": Array [
            <Connect(Categories) />,
            <div
              className="question-container"
            >
              <div
                className="question-container-after"
              />
              <h3
                className="question"
              >
                Choose a category and lets start a Game!
              </h3>
            </div>,
          ],
          "className": "game-wrapper",
        },
        "ref": null,
        "rendered": Array [
          Object {
            "instance": null,
            "key": undefined,
            "nodeType": "class",
            "props": Object {},
            "ref": null,
            "rendered": null,
            "type": [Function],
          },
          Object {
            "instance": null,
            "key": undefined,
            "nodeType": "host",
            "props": Object {
              "children": Array [
                <div
                  className="question-container-after"
                />,
                <h3
                  className="question"
                >
                  Choose a category and lets start a Game!
                </h3>,
              ],
              "className": "question-container",
            },
            "ref": null,
            "rendered": Array [
              Object {
                "instance": null,
                "key": undefined,
                "nodeType": "host",
                "props": Object {
                  "className": "question-container-after",
                },
                "ref": null,
                "rendered": null,
                "type": "div",
              },
              Object {
                "instance": null,
                "key": undefined,
                "nodeType": "host",
                "props": Object {
                  "children": "Choose a category and lets start a Game!",
                  "className": "question",
                },
                "ref": null,
                "rendered": "Choose a category and lets start a Game!",
                "type": "h3",
              },
            ],
            "type": "div",
          },
        ],
        "type": "div",
      },
    ],
    "type": "div",
  },
  Symbol(enzyme.__nodes__): Array [
    Object {
      "instance": null,
      "key": undefined,
      "nodeType": "host",
      "props": Object {
        "children": Array [
          <div
            className="header-container"
          >
            <h2
              className="choose-text"
            >
              Choose a Category
            </h2>
            <h1
              className="game-header"
            >
              Nickel Trivia
            </h1>
            <h2
              className="score-text"
            >
              Score 
              5
               ¢
            </h2>
          </div>,
          <div
            className="game-wrapper"
          >
            <Connect(Categories) />
            <div
              className="question-container"
            >
              <div
                className="question-container-after"
              />
              <h3
                className="question"
              >
                Choose a category and lets start a Game!
              </h3>
            </div>
          </div>,
        ],
        "className": "game",
      },
      "ref": null,
      "rendered": Array [
        Object {
          "instance": null,
          "key": undefined,
          "nodeType": "host",
          "props": Object {
            "children": Array [
              <h2
                className="choose-text"
              >
                Choose a Category
              </h2>,
              <h1
                className="game-header"
              >
                Nickel Trivia
              </h1>,
              <h2
                className="score-text"
              >
                Score 
                5
                 ¢
              </h2>,
            ],
            "className": "header-container",
          },
          "ref": null,
          "rendered": Array [
            Object {
              "instance": null,
              "key": undefined,
              "nodeType": "host",
              "props": Object {
                "children": "Choose a Category",
                "className": "choose-text",
              },
              "ref": null,
              "rendered": "Choose a Category",
              "type": "h2",
            },
            Object {
              "instance": null,
              "key": undefined,
              "nodeType": "host",
              "props": Object {
                "children": "Nickel Trivia",
                "className": "game-header",
              },
              "ref": null,
              "rendered": "Nickel Trivia",
              "type": "h1",
            },
            Object {
              "instance": null,
              "key": undefined,
              "nodeType": "host",
              "props": Object {
                "children": Array [
                  "Score ",
                  5,
                  " ¢",
                ],
                "className": "score-text",
              },
              "ref": null,
              "rendered": Array [
                "Score ",
                5,
                " ¢",
              ],
              "type": "h2",
            },
          ],
          "type": "div",
        },
        Object {
          "instance": null,
          "key": undefined,
          "nodeType": "host",
          "props": Object {
            "children": Array [
              <Connect(Categories) />,
              <div
                className="question-container"
              >
                <div
                  className="question-container-after"
                />
                <h3
                  className="question"
                >
                  Choose a category and lets start a Game!
                </h3>
              </div>,
            ],
            "className": "game-wrapper",
          },
          "ref": null,
          "rendered": Array [
            Object {
              "instance": null,
              "key": undefined,
              "nodeType": "class",
              "props": Object {},
              "ref": null,
              "rendered": null,
              "type": [Function],
            },
            Object {
              "instance": null,
              "key": undefined,
              "nodeType": "host",
              "props": Object {
                "children": Array [
                  <div
                    className="question-container-after"
                  />,
                  <h3
                    className="question"
                  >
                    Choose a category and lets start a Game!
                  </h3>,
                ],
                "className": "question-container",
              },
              "ref": null,
              "rendered": Array [
                Object {
                  "instance": null,
                  "key": undefined,
                  "nodeType": "host",
                  "props": Object {
                    "className": "question-container-after",
                  },
                  "ref": null,
                  "rendered": null,
                  "type": "div",
                },
                Object {
                  "instance": null,
                  "key": undefined,
                  "nodeType": "host",
                  "props": Object {
                    "children": "Choose a category and lets start a Game!",
                    "className": "question",
                  },
                  "ref": null,
                  "rendered": "Choose a category and lets start a Game!",
                  "type": "h3",
                },
              ],
              "type": "div",
            },
          ],
          "type": "div",
        },
      ],
      "type": "div",
    },
  ],
  Symbol(enzyme.__options__): Object {
    "adapter": ReactSixteenAdapter {
      "options": Object {
        "enableComponentDidUpdateOnSetState": true,
        "lifecycles": Object {
          "componentDidUpdate": Object {
            "onSetState": true,
          },
          "getDerivedStateFromProps": true,
          "getSnapshotBeforeUpdate": true,
          "setState": Object {
            "skipsComponentDidUpdateOnNullish": true,
          },
        },
      },
    },
  },
}
`;
