// Jest Snapshot v1, https://goo.gl/fbAQLP

exports[`Categories should match snapshot 1`] = `
ShallowWrapper {
  Symbol(enzyme.__root__): [Circular],
  Symbol(enzyme.__unrendered__): <Categories
    addQuestionCount={[MockFunction]}
    category="animals"
    generateNewQuestion={[MockFunction]}
    handleCategory={[MockFunction]}
    hasErrored={[MockFunction]}
    questions={
      Object {
        "geography": Array [
          Object {
            "answers": Array [],
            "asked": false,
            "category": "Geography",
            "correct_answer": "Washington D.C",
            "id": 1,
            "question": "Which city is the capital of the United States of America?",
          },
          Object {
            "answers": Array [],
            "asked": false,
            "category": "Geography",
            "correct_answer": "Phoenix",
            "id": 2,
            "question": "What is the capital of the American state of Arizona?",
          },
        ],
      }
    }
    toggleAsked={[MockFunction]}
    updateQuestions={[MockFunction]}
  />,
  Symbol(enzyme.__renderer__): Object {
    "batchedUpdates": [Function],
    "getNode": [Function],
    "render": [Function],
    "simulateError": [Function],
    "simulateEvent": [Function],
    "unmount": [Function],
  },
  Symbol(enzyme.__node__): Object {
    "instance": null,
    "key": undefined,
    "nodeType": "host",
    "props": Object {
      "children": <div
        className="categories"
      >
        <button
          className="category"
          name="generalKnowledge"
          onClick={[Function]}
        >
          General Store
        </button>
        <button
          className="category"
          name="geography"
          onClick={[Function]}
        >
          Where in the World
        </button>
        <button
          className="category"
          name="history"
          onClick={[Function]}
        >
          When I was a kid...
        </button>
        <button
          className="category"
          name="animals"
          onClick={[Function]}
        >
          Lions, Tigers, & Bears
        </button>
        <button
          className="category"
          name="vehicles"
          onClick={[Function]}
        >
          Planes, Trains & Automobiles
        </button>
        <button
          className="category"
          name="cartoons"
          onClick={[Function]}
        >
          Your Grandkid's Favorite Movie
        </button>
      </div>,
      "className": "categories-container",
    },
    "ref": null,
    "rendered": Object {
      "instance": null,
      "key": undefined,
      "nodeType": "host",
      "props": Object {
        "children": Array [
          <button
            className="category"
            name="generalKnowledge"
            onClick={[Function]}
          >
            General Store
          </button>,
          <button
            className="category"
            name="geography"
            onClick={[Function]}
          >
            Where in the World
          </button>,
          <button
            className="category"
            name="history"
            onClick={[Function]}
          >
            When I was a kid...
          </button>,
          <button
            className="category"
            name="animals"
            onClick={[Function]}
          >
            Lions, Tigers, & Bears
          </button>,
          <button
            className="category"
            name="vehicles"
            onClick={[Function]}
          >
            Planes, Trains & Automobiles
          </button>,
          <button
            className="category"
            name="cartoons"
            onClick={[Function]}
          >
            Your Grandkid's Favorite Movie
          </button>,
        ],
        "className": "categories",
      },
      "ref": null,
      "rendered": Array [
        Object {
          "instance": null,
          "key": undefined,
          "nodeType": "host",
          "props": Object {
            "children": "General Store",
            "className": "category",
            "name": "generalKnowledge",
            "onClick": [Function],
          },
          "ref": null,
          "rendered": "General Store",
          "type": "button",
        },
        Object {
          "instance": null,
          "key": undefined,
          "nodeType": "host",
          "props": Object {
            "children": "Where in the World",
            "className": "category",
            "name": "geography",
            "onClick": [Function],
          },
          "ref": null,
          "rendered": "Where in the World",
          "type": "button",
        },
        Object {
          "instance": null,
          "key": undefined,
          "nodeType": "host",
          "props": Object {
            "children": "When I was a kid...",
            "className": "category",
            "name": "history",
            "onClick": [Function],
          },
          "ref": null,
          "rendered": "When I was a kid...",
          "type": "button",
        },
        Object {
          "instance": null,
          "key": undefined,
          "nodeType": "host",
          "props": Object {
            "children": "Lions, Tigers, & Bears",
            "className": "category",
            "name": "animals",
            "onClick": [Function],
          },
          "ref": null,
          "rendered": "Lions, Tigers, & Bears",
          "type": "button",
        },
        Object {
          "instance": null,
          "key": undefined,
          "nodeType": "host",
          "props": Object {
            "children": "Planes, Trains & Automobiles",
            "className": "category",
            "name": "vehicles",
            "onClick": [Function],
          },
          "ref": null,
          "rendered": "Planes, Trains & Automobiles",
          "type": "button",
        },
        Object {
          "instance": null,
          "key": undefined,
          "nodeType": "host",
          "props": Object {
            "children": "Your Grandkid's Favorite Movie",
            "className": "category",
            "name": "cartoons",
            "onClick": [Function],
          },
          "ref": null,
          "rendered": "Your Grandkid's Favorite Movie",
          "type": "button",
        },
      ],
      "type": "div",
    },
    "type": "div",
  },
  Symbol(enzyme.__nodes__): Array [
    Object {
      "instance": null,
      "key": undefined,
      "nodeType": "host",
      "props": Object {
        "children": <div
          className="categories"
        >
          <button
            className="category"
            name="generalKnowledge"
            onClick={[Function]}
          >
            General Store
          </button>
          <button
            className="category"
            name="geography"
            onClick={[Function]}
          >
            Where in the World
          </button>
          <button
            className="category"
            name="history"
            onClick={[Function]}
          >
            When I was a kid...
          </button>
          <button
            className="category"
            name="animals"
            onClick={[Function]}
          >
            Lions, Tigers, & Bears
          </button>
          <button
            className="category"
            name="vehicles"
            onClick={[Function]}
          >
            Planes, Trains & Automobiles
          </button>
          <button
            className="category"
            name="cartoons"
            onClick={[Function]}
          >
            Your Grandkid's Favorite Movie
          </button>
        </div>,
        "className": "categories-container",
      },
      "ref": null,
      "rendered": Object {
        "instance": null,
        "key": undefined,
        "nodeType": "host",
        "props": Object {
          "children": Array [
            <button
              className="category"
              name="generalKnowledge"
              onClick={[Function]}
            >
              General Store
            </button>,
            <button
              className="category"
              name="geography"
              onClick={[Function]}
            >
              Where in the World
            </button>,
            <button
              className="category"
              name="history"
              onClick={[Function]}
            >
              When I was a kid...
            </button>,
            <button
              className="category"
              name="animals"
              onClick={[Function]}
            >
              Lions, Tigers, & Bears
            </button>,
            <button
              className="category"
              name="vehicles"
              onClick={[Function]}
            >
              Planes, Trains & Automobiles
            </button>,
            <button
              className="category"
              name="cartoons"
              onClick={[Function]}
            >
              Your Grandkid's Favorite Movie
            </button>,
          ],
          "className": "categories",
        },
        "ref": null,
        "rendered": Array [
          Object {
            "instance": null,
            "key": undefined,
            "nodeType": "host",
            "props": Object {
              "children": "General Store",
              "className": "category",
              "name": "generalKnowledge",
              "onClick": [Function],
            },
            "ref": null,
            "rendered": "General Store",
            "type": "button",
          },
          Object {
            "instance": null,
            "key": undefined,
            "nodeType": "host",
            "props": Object {
              "children": "Where in the World",
              "className": "category",
              "name": "geography",
              "onClick": [Function],
            },
            "ref": null,
            "rendered": "Where in the World",
            "type": "button",
          },
          Object {
            "instance": null,
            "key": undefined,
            "nodeType": "host",
            "props": Object {
              "children": "When I was a kid...",
              "className": "category",
              "name": "history",
              "onClick": [Function],
            },
            "ref": null,
            "rendered": "When I was a kid...",
            "type": "button",
          },
          Object {
            "instance": null,
            "key": undefined,
            "nodeType": "host",
            "props": Object {
              "children": "Lions, Tigers, & Bears",
              "className": "category",
              "name": "animals",
              "onClick": [Function],
            },
            "ref": null,
            "rendered": "Lions, Tigers, & Bears",
            "type": "button",
          },
          Object {
            "instance": null,
            "key": undefined,
            "nodeType": "host",
            "props": Object {
              "children": "Planes, Trains & Automobiles",
              "className": "category",
              "name": "vehicles",
              "onClick": [Function],
            },
            "ref": null,
            "rendered": "Planes, Trains & Automobiles",
            "type": "button",
          },
          Object {
            "instance": null,
            "key": undefined,
            "nodeType": "host",
            "props": Object {
              "children": "Your Grandkid's Favorite Movie",
              "className": "category",
              "name": "cartoons",
              "onClick": [Function],
            },
            "ref": null,
            "rendered": "Your Grandkid's Favorite Movie",
            "type": "button",
          },
        ],
        "type": "div",
      },
      "type": "div",
    },
  ],
  Symbol(enzyme.__options__): Object {
    "adapter": ReactSixteenAdapter {
      "options": Object {
        "enableComponentDidUpdateOnSetState": true,
        "lifecycles": Object {
          "componentDidUpdate": Object {
            "onSetState": true,
          },
          "getDerivedStateFromProps": true,
          "getSnapshotBeforeUpdate": true,
          "setState": Object {
            "skipsComponentDidUpdateOnNullish": true,
          },
        },
      },
    },
  },
}
`;
